# Existing getEntitySpec(<urn>.getEntityType()) lookups per file. See
# UrnDerivedRegistryLookupLintTest. Lower a count when you remove lookups; never raise one.
datahub-graphql-core/src/main/java/com/linkedin/datahub/graphql/WeaklyTypedAspectsResolver.java 1
datahub-graphql-core/src/main/java/com/linkedin/datahub/graphql/resolvers/mutate/util/PatchResolverUtils.java 1
entity-registry/src/main/java/com/linkedin/metadata/aspect/EntityAspect.java 2
metadata-auth/auth-api/src/main/java/com/datahub/authorization/AuthUtil.java 1
metadata-io/metadata-io-api/src/main/java/com/linkedin/metadata/entity/ebean/batch/MCLItemImpl.java 2
metadata-io/metadata-io-api/src/main/java/com/linkedin/metadata/entity/ebean/batch/PatchItemImpl.java 1
metadata-io/metadata-io-api/src/main/java/com/linkedin/metadata/entity/ebean/batch/ProposedItem.java 1
metadata-io/src/main/java/com/linkedin/metadata/aspect/consistency/check/InvalidEnumCheck.java 1
metadata-io/src/main/java/com/linkedin/metadata/aspect/utils/DefaultAspectsUtil.java 1
metadata-io/src/main/java/com/linkedin/metadata/authorization/DomainWriteAuthorizationUtils.java 1
metadata-io/src/main/java/com/linkedin/metadata/authorization/EntityAuthorizationUtils.java 1
metadata-io/src/main/java/com/linkedin/metadata/domains/sideeffects/DomainReferenceDetachSideEffect.java 1
metadata-io/src/main/java/com/linkedin/metadata/entity/EntityServiceImpl.java 1
metadata-io/src/main/java/com/linkedin/metadata/entity/ebean/EbeanSystemAspect.java 1
metadata-io/src/main/java/com/linkedin/metadata/entity/versioning/sideeffects/VersionPropertiesSideEffect.java 1
metadata-io/src/main/java/com/linkedin/metadata/entity/versioning/sideeffects/VersionSetSideEffect.java 2
metadata-io/src/main/java/com/linkedin/metadata/entity/versioning/validation/VersionPropertiesValidator.java 1
metadata-io/src/main/java/com/linkedin/metadata/graph/cache/snapshot/EntityGraphSnapshotBuilder.java 1
metadata-io/src/main/java/com/linkedin/metadata/search/transformer/SearchDocumentTransformer.java 1
metadata-io/src/main/java/com/linkedin/metadata/structuredproperties/hooks/PropertyDefinitionDeleteSideEffect.java 1
metadata-io/src/main/java/com/linkedin/metadata/timeline/TimelineServiceImpl.java 1
metadata-jobs/mae-consumer/src/main/java/com/linkedin/metadata/kafka/hook/HookUtils.java 1
metadata-jobs/mae-consumer/src/main/java/com/linkedin/metadata/kafka/hook/event/PlatformEventGeneratorHook.java 1
metadata-jobs/mae-consumer/src/main/java/com/linkedin/metadata/kafka/hook/ingestion/IngestionSchedulerHook.java 2
metadata-jobs/mae-consumer/src/main/java/com/linkedin/metadata/kafka/hook/siblings/SiblingAssociationHook.java 3
metadata-service/openapi-servlet/src/main/java/io/datahubproject/openapi/controller/GenericEntitiesController.java 3
metadata-service/openapi-servlet/src/main/java/io/datahubproject/openapi/util/MappingUtil.java 1
metadata-service/openapi-servlet/src/main/java/io/datahubproject/openapi/util/RequestInputUtil.java 2
metadata-service/openapi-servlet/src/main/java/io/datahubproject/openapi/v3/controller/EntityController.java 2
metadata-service/restli-client/src/main/java/com/linkedin/entity/client/RestliEntityClient.java 1
metadata-service/restli-servlet-impl/src/main/java/com/linkedin/metadata/resources/entity/EntityResource.java 1
metadata-service/services/src/main/java/com/linkedin/metadata/graph/GraphIndexUtils.java 2
metadata-utils/src/main/java/com/linkedin/metadata/utils/EntityKeyUtils.java 1
metadata-utils/src/main/java/com/linkedin/metadata/utils/EntityRegistryUrnValidator.java 1
metadata-utils/src/main/java/com/linkedin/metadata/utils/GenericRecordUtils.java 1
metadata-utils/src/main/java/com/linkedin/metadata/utils/UrnValidationUtil.java 1
